// Vitest Snapshot v1

exports[`App > should have valid state after AppCreated > $snapshot version 1 1`] = `
{
  "bundles": [
    {
      "kind": "Template",
      "value": {
        "id": "TEST",
      },
    },
  ],
  "created_at": 1654819200000,
  "custom_host_id": "TEST",
  "deployments": [],
  "name": "test",
  "owner_id": "TEST",
  "tenant_id": "test.karrotmini.app",
}
`;
