// Vitest Snapshot v1

exports[`CustomHost > should be valid after CustomHostProvisioned > $snapshot version 1 1`] = `
{
  "connectedApp": null,
  "createdAt": 1654819200000,
  "providerInfo": {
    "healthCheckUrl": "https://management/",
    "hostname": "test.karrotmini.app",
    "managementUrl": "https://healthcheck/",
  },
}
`;
